// Vitest Snapshot v1, https://vitest.dev/guide/snapshot.html

exports[`./fixtures/index.ts 1`] = `
"CONSOLE.LOG('FOO');
"
`;
